../Core/Src/main.c:75:6:cs_low	8	static
../Core/Src/main.c:81:6:cs_high	8	static
../Core/Src/main.c:86:9:read_single_icm20948_reg	24	static
../Core/Src/main.c:101:9:test_icm20948_device	16	static
../Core/Src/main.c:111:9:get_icm20948_id	8	static
../Core/Src/main.c:129:6:HAL_UART_RxCpltCallback	16	static
../Core/Src/main.c:142:6:interpret_user_input	48	static
../Core/Src/main.c:204:5:main	48	static
../Core/Src/main.c:260:6:SystemClock_Config	96	static
../Core/Src/main.c:310:13:MX_SPI1_Init	8	static
../Core/Src/main.c:350:13:MX_TIM17_Init	80	static
../Core/Src/main.c:412:6:MX_USART1_UART_Init	8	static
../Core/Src/main.c:447:13:MX_GPIO_Init	40	static
../Core/Src/main.c:482:6:Error_Handler	4	static,ignoring_inline_asm
