../Core/Src/main.c:73:6:cs_low	8	static
../Core/Src/main.c:76:6:cs_high	8	static
../Core/Src/main.c:80:6:HAL_GPIO_EXTI_Callback	16	static
../Core/Src/main.c:92:9:read_single_icm20948_reg	24	static
../Core/Src/main.c:114:5:main	16	static
../Core/Src/main.c:183:6:SystemClock_Config	96	static
../Core/Src/main.c:233:13:MX_SPI1_Init	8	static
../Core/Src/main.c:273:13:MX_SPI2_Init	8	static
../Core/Src/main.c:312:13:MX_USART2_UART_Init	8	static
../Core/Src/main.c:347:13:MX_GPIO_Init	40	static
../Core/Src/main.c:386:6:Error_Handler	4	static,ignoring_inline_asm
