../Core/Src/main.c:68:6:cs_low	8	static
../Core/Src/main.c:74:6:cs_high	8	static
../Core/Src/main.c:79:9:read_single_icm20948_reg	24	static
../Core/Src/main.c:94:9:test_icm20948_device	16	static
../Core/Src/main.c:112:5:main	8	static
../Core/Src/main.c:162:6:SystemClock_Config	96	static
../Core/Src/main.c:212:13:MX_SPI1_Init	8	static
../Core/Src/main.c:252:13:MX_USART2_UART_Init	8	static
../Core/Src/main.c:287:13:MX_GPIO_Init	40	static
../Core/Src/main.c:316:6:Error_Handler	4	static,ignoring_inline_asm
