../Core/Src/main.c:64:6:HAL_GPIO_EXTI_Callback	16	static
../Core/Src/main.c:76:6:HAL_SPI_RxCpltCallback	16	static
../Core/Src/main.c:100:6:cs_low	8	static
../Core/Src/main.c:103:6:cs_high	8	static
../Core/Src/main.c:116:5:main	16	static
../Core/Src/main.c:190:6:SystemClock_Config	88	static
../Core/Src/main.c:236:13:MX_SPI2_Init	8	static
../Core/Src/main.c:273:13:MX_SPI3_Init	8	static
../Core/Src/main.c:311:13:MX_GPIO_Init	48	static
../Core/Src/main.c:361:6:Error_Handler	4	static,ignoring_inline_asm
